#-----------------------------------------------------------
# Webtalk v2020.2 (64-bit)
# SW Build 3064766 on Wed Nov 18 09:12:47 MST 2020
# IP Build 3064653 on Wed Nov 18 14:17:31 MST 2020
# Start of session at: Tue May  3 16:06:04 2022
# Process ID: 12020
# Current directory: /home/simbu448/Documents/vivado/tgza12/vivado/aurora_4_lanes/tb_verilog_vhdl/tb_verilog_vhdl.sim/sim_1/behav/xsim
# Command line: wbtcv -mode batch -source /home/simbu448/Documents/vivado/tgza12/vivado/aurora_4_lanes/tb_verilog_vhdl/tb_verilog_vhdl.sim/sim_1/behav/xsim/xsim.dir/tb_gen_check_behav/webtalk/xsim_webtalk.tcl -notrace
# Log file: /home/simbu448/Documents/vivado/tgza12/vivado/aurora_4_lanes/tb_verilog_vhdl/tb_verilog_vhdl.sim/sim_1/behav/xsim/webtalk.log
# Journal file: /home/simbu448/Documents/vivado/tgza12/vivado/aurora_4_lanes/tb_verilog_vhdl/tb_verilog_vhdl.sim/sim_1/behav/xsim/webtalk.jou
#-----------------------------------------------------------
source /home/simbu448/Documents/vivado/tgza12/vivado/aurora_4_lanes/tb_verilog_vhdl/tb_verilog_vhdl.sim/sim_1/behav/xsim/xsim.dir/tb_gen_check_behav/webtalk/xsim_webtalk.tcl -notrace
